../Core/Src/main.c:96:6:UART_print	16	static
../Core/Src/main.c:106:5:main	104	static
../Core/Src/main.c:189:6:SystemClock_Config	88	static
../Core/Src/main.c:231:13:MX_USART1_UART_Init	8	static
../Core/Src/main.c:264:13:MX_GPIO_Init	40	static
../Core/Src/main.c:299:6:x_task_get_device_diagnostics	48	static
../Core/Src/main.c:334:6:x_task_print_to_terminal	16	static
../Core/Src/main.c:353:6:StartDefaultTask	16	static
../Core/Src/main.c:372:6:HAL_TIM_PeriodElapsedCallback	16	static
../Core/Src/main.c:390:6:Error_Handler	4	static,ignoring_inline_asm
