../Core/Src/main.c:128:6:UART_print	16	static
../Core/Src/main.c:138:5:main	128	static
../Core/Src/main.c:237:6:SystemClock_Config	88	static
../Core/Src/main.c:279:13:MX_I2C1_Init	8	static
../Core/Src/main.c:313:13:MX_USART1_UART_Init	8	static
../Core/Src/main.c:346:13:MX_USART2_UART_Init	8	static
../Core/Src/main.c:379:13:MX_GPIO_Init	48	static
../Core/Src/main.c:425:6:x_task_get_device_diagnostics	48	static
../Core/Src/main.c:460:6:x_task_print_to_terminal	16	static
../Core/Src/main.c:473:6:x_task_receive_modbus	16	static
../Core/Src/main.c:486:6:modbus_reply	16	static
../Core/Src/main.c:499:6:send_modbus_data_to_UART1	16	static
../Core/Src/main.c:508:6:HAL_UARTEx_RxEventCallback	16	static
../Core/Src/main.c:535:6:StartDefaultTask	16	static
../Core/Src/main.c:554:6:HAL_TIM_PeriodElapsedCallback	16	static
../Core/Src/main.c:572:6:Error_Handler	4	static,ignoring_inline_asm
