../Core/Src/main.c:129:6:UART_print	24	static
../Core/Src/main.c:148:5:main	128	static
../Core/Src/main.c:259:6:SystemClock_Config	88	static
../Core/Src/main.c:301:13:MX_I2C1_Init	8	static
../Core/Src/main.c:335:13:MX_USART1_UART_Init	8	static
../Core/Src/main.c:368:13:MX_USART2_UART_Init	8	static
../Core/Src/main.c:401:13:MX_GPIO_Init	48	static
../Core/Src/main.c:447:6:x_task_get_device_diagnostics	48	static
../Core/Src/main.c:482:6:x_task_print_to_terminal	16	static
../Core/Src/main.c:495:6:send_modbus_data_to_UART1	16	static
../Core/Src/main.c:505:6:x_task_receive_modbus	544	static
../Core/Src/main.c:557:6:modbus_reply	16	static
../Core/Src/main.c:571:6:HAL_UARTEx_RxEventCallback	280	static,ignoring_inline_asm
../Core/Src/main.c:602:6:StartDefaultTask	16	static
../Core/Src/main.c:622:6:HAL_TIM_PeriodElapsedCallback	16	static
../Core/Src/main.c:640:6:Error_Handler	4	static,ignoring_inline_asm
