../Core/Src/main.c:115:7:__io_putchar	16	static
../Core/Src/main.c:187:6:UART_print	16	static
../Core/Src/main.c:197:5:main	128	static
../Core/Src/main.c:352:6:SystemClock_Config	88	static
../Core/Src/main.c:394:13:MX_I2C1_Init	8	static
../Core/Src/main.c:428:13:MX_USART1_UART_Init	8	static
../Core/Src/main.c:461:13:MX_USART2_UART_Init	8	static
../Core/Src/main.c:494:13:MX_GPIO_Init	48	static
../Core/Src/main.c:550:6:x_task_get_device_diagnostics	48	static
../Core/Src/main.c:586:6:x_task_print_to_terminal	280	static
../Core/Src/main.c:611:6:send_modbus_data_to_UART1	16	static
../Core/Src/main.c:617:6:MODBUS_send_response	16	static
../Core/Src/main.c:625:6:x_task_receive_modbus_RTU	560	static
../Core/Src/main.c:736:6:x_task_receive_modbus_TCP	560	static
../Core/Src/main.c:793:6:modbus_reply	16	static
../Core/Src/main.c:806:6:x_task_relay_control	16	static
../Core/Src/main.c:817:6:x_task_ethernet_control	16	static
../Core/Src/main.c:859:6:x_task_modbus_RTU_dispatcher	280	static
../Core/Src/main.c:877:6:HAL_UARTEx_RxEventCallback	280	static,ignoring_inline_asm
../Core/Src/main.c:920:6:StartDefaultTask	16	static
../Core/Src/main.c:940:6:HAL_TIM_PeriodElapsedCallback	16	static
../Core/Src/main.c:958:6:Error_Handler	4	static,ignoring_inline_asm
