../Core/Src/main.c:153:6:UART_print	16	static
../Core/Src/main.c:163:5:main	128	static
../Core/Src/main.c:273:6:SystemClock_Config	88	static
../Core/Src/main.c:315:13:MX_I2C1_Init	8	static
../Core/Src/main.c:349:13:MX_USART1_UART_Init	8	static
../Core/Src/main.c:382:13:MX_USART2_UART_Init	8	static
../Core/Src/main.c:415:13:MX_GPIO_Init	48	static
../Core/Src/main.c:471:6:x_task_get_device_diagnostics	48	static
../Core/Src/main.c:506:6:x_task_print_to_terminal	16	static
../Core/Src/main.c:519:6:send_modbus_data_to_UART1	16	static
../Core/Src/main.c:525:6:MODBUS_send_response	16	static
../Core/Src/main.c:534:6:x_task_receive_modbus	576	static
../Core/Src/main.c:690:6:modbus_reply	16	static
../Core/Src/main.c:704:6:HAL_UARTEx_RxEventCallback	280	static,ignoring_inline_asm
../Core/Src/main.c:739:6:StartDefaultTask	16	static
../Core/Src/main.c:759:6:HAL_TIM_PeriodElapsedCallback	16	static
../Core/Src/main.c:777:6:Error_Handler	4	static,ignoring_inline_asm
