../Core/Src/main.c:135:7:__io_putchar	16	static
../Core/Src/main.c:211:6:UART_print	16	static
../Core/Src/main.c:221:5:main	72	static
../Core/Src/main.c:383:6:SystemClock_Config	88	static
../Core/Src/main.c:425:13:MX_I2C1_Init	8	static
../Core/Src/main.c:459:13:MX_USART1_UART_Init	8	static
../Core/Src/main.c:492:13:MX_USART2_UART_Init	8	static
../Core/Src/main.c:525:13:MX_GPIO_Init	48	static
../Core/Src/main.c:581:6:x_task_get_device_diagnostics	48	static
../Core/Src/main.c:615:6:x_task_print_to_terminal	280	static
../Core/Src/main.c:639:6:send_modbus_data_to_UART1	16	static
../Core/Src/main.c:645:6:MODBUS_send_response	16	static
../Core/Src/main.c:652:6:x_task_receive_modbus_RTU	560	static
../Core/Src/main.c:760:6:modbus_reply	16	static
../Core/Src/main.c:773:6:x_task_relay_control	16	static
../Core/Src/main.c:784:6:x_task_ethernet_control	16	static
../Core/Src/main.c:826:6:x_task_modbus_RTU_dispatcher	280	static
../Core/Src/main.c:843:6:x_task_led_blink	16	static
../Core/Src/main.c:858:6:HAL_UARTEx_RxEventCallback	280	static,ignoring_inline_asm
../Core/Src/main.c:901:6:StartDefaultTask	16	static
../Core/Src/main.c:924:6:HAL_TIM_PeriodElapsedCallback	16	static
../Core/Src/main.c:942:6:Error_Handler	4	static,ignoring_inline_asm
