../Core/Src/main.c:105:7:__io_putchar	16	static
../Core/Src/main.c:174:6:UART_print	16	static
../Core/Src/main.c:184:5:main	184	static
../Core/Src/main.c:301:6:SystemClock_Config	88	static
../Core/Src/main.c:343:13:MX_I2C1_Init	8	static
../Core/Src/main.c:377:13:MX_USART1_UART_Init	8	static
../Core/Src/main.c:410:13:MX_USART2_UART_Init	8	static
../Core/Src/main.c:443:13:MX_GPIO_Init	48	static
../Core/Src/main.c:499:6:x_task_get_device_diagnostics	48	static
../Core/Src/main.c:535:6:x_task_print_to_terminal	16	static
../Core/Src/main.c:548:6:send_modbus_data_to_UART1	16	static
../Core/Src/main.c:554:6:MODBUS_send_response	16	static
../Core/Src/main.c:563:6:x_task_receive_modbus	584	static
../Core/Src/main.c:742:6:modbus_reply	16	static
../Core/Src/main.c:756:6:HAL_UARTEx_RxEventCallback	280	static,ignoring_inline_asm
../Core/Src/main.c:791:6:StartDefaultTask	16	static
../Core/Src/main.c:811:6:HAL_TIM_PeriodElapsedCallback	16	static
../Core/Src/main.c:829:6:Error_Handler	4	static,ignoring_inline_asm
