../Core/Src/main.c:141:7:__io_putchar	16	static
../Core/Src/main.c:205:6:UART_print	16	static
../Core/Src/main.c:222:5:main	184	static
../Core/Src/main.c:408:6:SystemClock_Config	88	static
../Core/Src/main.c:450:13:MX_I2C1_Init	8	static
../Core/Src/main.c:484:13:MX_USART1_UART_Init	8	static
../Core/Src/main.c:517:13:MX_USART2_UART_Init	8	static
../Core/Src/main.c:550:13:MX_GPIO_Init	48	static
../Core/Src/main.c:606:6:x_task_get_device_diagnostics	48	static
../Core/Src/main.c:643:6:x_task_print_to_terminal	280	static
../Core/Src/main.c:666:6:send_modbus_data_to_UART1	16	static
../Core/Src/main.c:672:6:MODBUS_send_response	16	static
../Core/Src/main.c:679:6:x_task_receive_modbus_RTU	536	static
../Core/Src/main.c:788:6:modbus_reply	16	static
../Core/Src/main.c:801:6:x_task_relay_control	16	static
../Core/Src/main.c:812:6:x_task_ethernet_control	16	static
../Core/Src/main.c:853:6:x_task_modbus_RTU_dispatcher	280	static
../Core/Src/main.c:884:6:x_task_led_blink	16	static
../Core/Src/main.c:899:6:HAL_UARTEx_RxEventCallback	280	static,ignoring_inline_asm
../Core/Src/main.c:942:6:StartDefaultTask	16	static
../Core/Src/main.c:965:6:HAL_TIM_PeriodElapsedCallback	16	static
../Core/Src/main.c:983:6:Error_Handler	4	static,ignoring_inline_asm
