../Core/Src/main.c:134:6:UART_print	24	static
../Core/Src/main.c:153:5:main	128	static
../Core/Src/main.c:264:6:SystemClock_Config	88	static
../Core/Src/main.c:306:13:MX_I2C1_Init	8	static
../Core/Src/main.c:340:13:MX_USART1_UART_Init	8	static
../Core/Src/main.c:373:13:MX_USART2_UART_Init	8	static
../Core/Src/main.c:406:13:MX_GPIO_Init	48	static
../Core/Src/main.c:452:6:x_task_get_device_diagnostics	48	static
../Core/Src/main.c:487:6:x_task_print_to_terminal	16	static
../Core/Src/main.c:500:6:send_modbus_data_to_UART1	16	static
../Core/Src/main.c:509:6:x_task_receive_modbus	576	static
../Core/Src/main.c:657:6:modbus_reply	16	static
../Core/Src/main.c:671:6:HAL_UARTEx_RxEventCallback	280	static,ignoring_inline_asm
../Core/Src/main.c:703:6:StartDefaultTask	16	static
../Core/Src/main.c:723:6:HAL_TIM_PeriodElapsedCallback	16	static
../Core/Src/main.c:741:6:Error_Handler	4	static,ignoring_inline_asm
