../Core/Src/main.c:135:7:__io_putchar	16	static
../Core/Src/main.c:211:6:UART_print	16	static
../Core/Src/main.c:221:5:main	104	static
../Core/Src/main.c:386:6:SystemClock_Config	88	static
../Core/Src/main.c:428:13:MX_I2C1_Init	8	static
../Core/Src/main.c:462:13:MX_USART1_UART_Init	8	static
../Core/Src/main.c:495:13:MX_USART2_UART_Init	8	static
../Core/Src/main.c:528:13:MX_GPIO_Init	48	static
../Core/Src/main.c:584:6:x_task_get_device_diagnostics	48	static
../Core/Src/main.c:621:6:x_task_print_to_terminal	280	static
../Core/Src/main.c:645:6:send_modbus_data_to_UART1	16	static
../Core/Src/main.c:651:6:MODBUS_send_response	16	static
../Core/Src/main.c:658:6:x_task_receive_modbus_RTU	560	static
../Core/Src/main.c:766:6:modbus_reply	16	static
../Core/Src/main.c:779:6:x_task_relay_control	16	static
../Core/Src/main.c:790:6:x_task_ethernet_control	16	static
../Core/Src/main.c:832:6:x_task_modbus_RTU_dispatcher	280	static
../Core/Src/main.c:849:6:x_task_led_blink	16	static
../Core/Src/main.c:864:6:HAL_UARTEx_RxEventCallback	280	static,ignoring_inline_asm
../Core/Src/main.c:907:6:StartDefaultTask	16	static
../Core/Src/main.c:930:6:HAL_TIM_PeriodElapsedCallback	16	static
../Core/Src/main.c:948:6:Error_Handler	4	static,ignoring_inline_asm
