../Core/Src/main.c:205:6:UART_print	16	static
../Core/Src/main.c:222:5:main	184	static
../Core/Src/main.c:394:6:SystemClock_Config	88	static
../Core/Src/main.c:436:13:MX_I2C1_Init	8	static
../Core/Src/main.c:470:13:MX_USART1_UART_Init	8	static
../Core/Src/main.c:503:13:MX_USART2_UART_Init	8	static
../Core/Src/main.c:536:13:MX_GPIO_Init	48	static
../Core/Src/main.c:592:6:x_task_get_device_diagnostics	48	static
../Core/Src/main.c:629:6:x_task_print_to_terminal	280	static
../Core/Src/main.c:652:6:send_modbus_data_to_UART1	16	static
../Core/Src/main.c:658:6:MODBUS_send_response	16	static
../Core/Src/main.c:665:6:x_task_receive_modbus_RTU	536	static
../Core/Src/main.c:774:6:modbus_reply	16	static
../Core/Src/main.c:787:6:x_task_relay_control	16	static
../Core/Src/main.c:798:6:x_task_ethernet_control	16	static
../Core/Src/main.c:840:6:x_task_modbus_RTU_dispatcher	280	static
../Core/Src/main.c:857:6:x_task_led_blink	16	static
../Core/Src/main.c:872:6:HAL_UARTEx_RxEventCallback	280	static,ignoring_inline_asm
../Core/Src/main.c:914:6:StartDefaultTask	16	static
../Core/Src/main.c:937:6:HAL_TIM_PeriodElapsedCallback	16	static
../Core/Src/main.c:955:6:Error_Handler	4	static,ignoring_inline_asm
