../Core/Src/main.c:100:6:UART_print	16	static
../Core/Src/main.c:110:5:main	104	static
../Core/Src/main.c:199:6:SystemClock_Config	88	static
../Core/Src/main.c:241:13:MX_I2C1_Init	8	static
../Core/Src/main.c:275:13:MX_USART1_UART_Init	8	static
../Core/Src/main.c:308:13:MX_GPIO_Init	48	static
../Core/Src/main.c:344:6:x_task_get_device_diagnostics	48	static
../Core/Src/main.c:379:6:x_task_print_to_terminal	16	static
../Core/Src/main.c:398:6:StartDefaultTask	16	static
../Core/Src/main.c:417:6:HAL_TIM_PeriodElapsedCallback	16	static
../Core/Src/main.c:435:6:Error_Handler	4	static,ignoring_inline_asm
