../Core/Src/main.c:96:6:UART_print	16	static
../Core/Src/main.c:106:5:main	104	static
../Core/Src/main.c:194:6:SystemClock_Config	88	static
../Core/Src/main.c:236:13:MX_USART1_UART_Init	8	static
../Core/Src/main.c:269:13:MX_GPIO_Init	40	static
../Core/Src/main.c:304:6:x_task_get_device_diagnostics	48	static
../Core/Src/main.c:339:6:x_task_print_to_terminal	16	static
../Core/Src/main.c:358:6:StartDefaultTask	16	static
../Core/Src/main.c:377:6:HAL_TIM_PeriodElapsedCallback	16	static
../Core/Src/main.c:395:6:Error_Handler	4	static,ignoring_inline_asm
